[    3549ms] [INFO] %cDownload the React DevTools for a better development experience: https://reactjs.org/link/react-devtools font-weight:bold @ webpack-internal:///(app-pages-browser)/./node_modules/next/dist/compiled/react-dom/cjs/react-dom.development.js:38559
[    5523ms] [WARNING] Image with src "https://via.placeholder.com/1200x750.png" has legacy prop "layout". Did you forget to run the codemod?
Read more: https://nextjs.org/docs/messages/next-image-upgrade-to-13 @ webpack-internal:///(app-pages-browser)/./node_modules/next/dist/shared/lib/utils/warn-once.js:15
[    5523ms] [WARNING] Image with src "https://via.placeholder.com/1200x750.png" has legacy prop "objectFit". Did you forget to run the codemod?
Read more: https://nextjs.org/docs/messages/next-image-upgrade-to-13 @ webpack-internal:///(app-pages-browser)/./node_modules/next/dist/shared/lib/utils/warn-once.js:15
[    5526ms] [WARNING] Image with src "https://i.postimg.cc/MHkCYg8w/sayyes-ai.jpg" has legacy prop "layout". Did you forget to run the codemod?
Read more: https://nextjs.org/docs/messages/next-image-upgrade-to-13 @ webpack-internal:///(app-pages-browser)/./node_modules/next/dist/shared/lib/utils/warn-once.js:15
[    5526ms] [WARNING] Image with src "https://i.postimg.cc/MHkCYg8w/sayyes-ai.jpg" has legacy prop "objectFit". Did you forget to run the codemod?
Read more: https://nextjs.org/docs/messages/next-image-upgrade-to-13 @ webpack-internal:///(app-pages-browser)/./node_modules/next/dist/shared/lib/utils/warn-once.js:15
[    5526ms] [WARNING] Image with src "https://i.postimg.cc/JhmkCQhs/how-we-buidl-AI-SAAS.jpg" has legacy prop "layout". Did you forget to run the codemod?
Read more: https://nextjs.org/docs/messages/next-image-upgrade-to-13 @ webpack-internal:///(app-pages-browser)/./node_modules/next/dist/shared/lib/utils/warn-once.js:15
[    5526ms] [WARNING] Image with src "https://i.postimg.cc/JhmkCQhs/how-we-buidl-AI-SAAS.jpg" has legacy prop "objectFit". Did you forget to run the codemod?
Read more: https://nextjs.org/docs/messages/next-image-upgrade-to-13 @ webpack-internal:///(app-pages-browser)/./node_modules/next/dist/shared/lib/utils/warn-once.js:15
[    5585ms] [WARNING] Image with src "https://i.postimg.cc/JhmkCQhs/how-we-buidl-AI-SAAS.jpg" has "fill" but is missing "sizes" prop. Please add it to improve page performance. Read more: https://nextjs.org/docs/api-reference/next/image#sizes @ webpack-internal:///(app-pages-browser)/./node_modules/next/dist/shared/lib/utils/warn-once.js:15
[    5585ms] [WARNING] Image with src "https://i.postimg.cc/MHkCYg8w/sayyes-ai.jpg" has "fill" but is missing "sizes" prop. Please add it to improve page performance. Read more: https://nextjs.org/docs/api-reference/next/image#sizes @ webpack-internal:///(app-pages-browser)/./node_modules/next/dist/shared/lib/utils/warn-once.js:15
[    5629ms] [LOG] [Fast Refresh] rebuilding @ webpack-internal:///(app-pages-browser)/./node_modules/next/dist/client/components/react-dev-overlay/app/hot-reloader-client.js:192
[    6379ms] [LOG] [Fast Refresh] done in 751ms @ webpack-internal:///(app-pages-browser)/./node_modules/next/dist/client/components/react-dev-overlay/app/hot-reloader-client.js:47
[    7171ms] [ERROR] Failed to load resource: the server responded with a status of 500 (Internal Server Error) @ http://localhost:3002/_next/image?url=https%3A%2F%2Fvia.placeholder.com%2F1200x750.png&w=2048&q=75:0
[    7503ms] [ERROR] Failed to load resource: the server responded with a status of 500 (Internal Server Error) @ http://localhost:3002/_next/image?url=https%3A%2F%2Fvia.placeholder.com%2F1200x750.png&w=2048&q=75:0
[    7626ms] [ERROR] Failed to load resource: the server responded with a status of 500 (Internal Server Error) @ http://localhost:3002/_next/image?url=https%3A%2F%2Fvia.placeholder.com%2F1200x750.png&w=2048&q=75:0
[    7703ms] [ERROR] Failed to load resource: the server responded with a status of 500 (Internal Server Error) @ http://localhost:3002/_next/image?url=https%3A%2F%2Fvia.placeholder.com%2F1200x750.png&w=2048&q=75:0
[    7790ms] [ERROR] Failed to load resource: the server responded with a status of 500 (Internal Server Error) @ http://localhost:3002/_next/image?url=https%3A%2F%2Fvia.placeholder.com%2F1200x750.png&w=2048&q=75:0
[    7864ms] [ERROR] Failed to load resource: the server responded with a status of 500 (Internal Server Error) @ http://localhost:3002/_next/image?url=https%3A%2F%2Fvia.placeholder.com%2F1200x750.png&w=2048&q=75:0
[    7939ms] [ERROR] Failed to load resource: the server responded with a status of 500 (Internal Server Error) @ http://localhost:3002/_next/image?url=https%3A%2F%2Fvia.placeholder.com%2F1200x750.png&w=2048&q=75:0
[    8009ms] [ERROR] Failed to load resource: the server responded with a status of 500 (Internal Server Error) @ http://localhost:3002/_next/image?url=https%3A%2F%2Fvia.placeholder.com%2F1200x750.png&w=2048&q=75:0
[    8129ms] [ERROR] Failed to load resource: the server responded with a status of 500 (Internal Server Error) @ http://localhost:3002/_next/image?url=https%3A%2F%2Fvia.placeholder.com%2F1200x750.png&w=2048&q=75:0
[    8208ms] [ERROR] Failed to load resource: the server responded with a status of 500 (Internal Server Error) @ http://localhost:3002/_next/image?url=https%3A%2F%2Fvia.placeholder.com%2F1200x750.png&w=2048&q=75:0
[    8285ms] [ERROR] Failed to load resource: the server responded with a status of 500 (Internal Server Error) @ http://localhost:3002/_next/image?url=https%3A%2F%2Fvia.placeholder.com%2F1200x750.png&w=2048&q=75:0
[    8361ms] [ERROR] Failed to load resource: the server responded with a status of 500 (Internal Server Error) @ http://localhost:3002/_next/image?url=https%3A%2F%2Fvia.placeholder.com%2F1200x750.png&w=2048&q=75:0
[    8455ms] [ERROR] Failed to load resource: the server responded with a status of 500 (Internal Server Error) @ http://localhost:3002/_next/image?url=https%3A%2F%2Fvia.placeholder.com%2F1200x750.png&w=2048&q=75:0
[    8643ms] [ERROR] Failed to load resource: the server responded with a status of 500 (Internal Server Error) @ http://localhost:3002/_next/image?url=https%3A%2F%2Fvia.placeholder.com%2F1200x750.png&w=2048&q=75:0
[    8725ms] [ERROR] Failed to load resource: the server responded with a status of 500 (Internal Server Error) @ http://localhost:3002/_next/image?url=https%3A%2F%2Fvia.placeholder.com%2F1200x750.png&w=2048&q=75:0
[    8840ms] [ERROR] Failed to load resource: the server responded with a status of 500 (Internal Server Error) @ http://localhost:3002/_next/image?url=https%3A%2F%2Fvia.placeholder.com%2F1200x750.png&w=2048&q=75:0
[    9167ms] [ERROR] Failed to load resource: the server responded with a status of 500 (Internal Server Error) @ http://localhost:3002/_next/image?url=https%3A%2F%2Fvia.placeholder.com%2F1200x750.png&w=2048&q=75:0
[    9507ms] [ERROR] Failed to load resource: the server responded with a status of 500 (Internal Server Error) @ http://localhost:3002/_next/image?url=https%3A%2F%2Fvia.placeholder.com%2F1200x750.png&w=2048&q=75:0
[    9851ms] [ERROR] Failed to load resource: the server responded with a status of 500 (Internal Server Error) @ http://localhost:3002/_next/image?url=https%3A%2F%2Fvia.placeholder.com%2F1200x750.png&w=2048&q=75:0
[   10184ms] [ERROR] Failed to load resource: the server responded with a status of 500 (Internal Server Error) @ http://localhost:3002/_next/image?url=https%3A%2F%2Fvia.placeholder.com%2F1200x750.png&w=2048&q=75:0
[   10530ms] [ERROR] Failed to load resource: the server responded with a status of 500 (Internal Server Error) @ http://localhost:3002/_next/image?url=https%3A%2F%2Fvia.placeholder.com%2F1200x750.png&w=2048&q=75:0
[   10877ms] [ERROR] Failed to load resource: the server responded with a status of 500 (Internal Server Error) @ http://localhost:3002/_next/image?url=https%3A%2F%2Fvia.placeholder.com%2F1200x750.png&w=2048&q=75:0
[   10960ms] [ERROR] Failed to load resource: the server responded with a status of 500 (Internal Server Error) @ http://localhost:3002/_next/image?url=https%3A%2F%2Fvia.placeholder.com%2F1200x750.png&w=2048&q=75:0
[   11042ms] [ERROR] Failed to load resource: the server responded with a status of 500 (Internal Server Error) @ http://localhost:3002/_next/image?url=https%3A%2F%2Fvia.placeholder.com%2F1200x750.png&w=2048&q=75:0
[   11387ms] [ERROR] Failed to load resource: the server responded with a status of 500 (Internal Server Error) @ http://localhost:3002/_next/image?url=https%3A%2F%2Fvia.placeholder.com%2F1200x750.png&w=2048&q=75:0
[   15717ms] [ERROR] Failed to load resource: the server responded with a status of 500 (Internal Server Error) @ http://localhost:3002/_next/image?url=https%3A%2F%2Fvia.placeholder.com%2F1200x750.png&w=2048&q=75:0
[   15802ms] [ERROR] Failed to load resource: the server responded with a status of 500 (Internal Server Error) @ http://localhost:3002/_next/image?url=https%3A%2F%2Fvia.placeholder.com%2F1200x750.png&w=2048&q=75:0
[   15882ms] [ERROR] Failed to load resource: the server responded with a status of 500 (Internal Server Error) @ http://localhost:3002/_next/image?url=https%3A%2F%2Fvia.placeholder.com%2F1200x750.png&w=2048&q=75:0
[   15959ms] [ERROR] Failed to load resource: the server responded with a status of 500 (Internal Server Error) @ http://localhost:3002/_next/image?url=https%3A%2F%2Fvia.placeholder.com%2F1200x750.png&w=2048&q=75:0
[   16029ms] [ERROR] Failed to load resource: the server responded with a status of 500 (Internal Server Error) @ http://localhost:3002/_next/image?url=https%3A%2F%2Fvia.placeholder.com%2F1200x750.png&w=2048&q=75:0
[   16109ms] [ERROR] Failed to load resource: the server responded with a status of 500 (Internal Server Error) @ http://localhost:3002/_next/image?url=https%3A%2F%2Fvia.placeholder.com%2F1200x750.png&w=2048&q=75:0
[   16237ms] [ERROR] Failed to load resource: the server responded with a status of 500 (Internal Server Error) @ http://localhost:3002/_next/image?url=https%3A%2F%2Fvia.placeholder.com%2F1200x750.png&w=2048&q=75:0
[   16325ms] [ERROR] Failed to load resource: the server responded with a status of 500 (Internal Server Error) @ http://localhost:3002/_next/image?url=https%3A%2F%2Fvia.placeholder.com%2F1200x750.png&w=2048&q=75:0
[   16400ms] [ERROR] Failed to load resource: the server responded with a status of 500 (Internal Server Error) @ http://localhost:3002/_next/image?url=https%3A%2F%2Fvia.placeholder.com%2F1200x750.png&w=2048&q=75:0
[   16485ms] [ERROR] Failed to load resource: the server responded with a status of 500 (Internal Server Error) @ http://localhost:3002/_next/image?url=https%3A%2F%2Fvia.placeholder.com%2F1200x750.png&w=2048&q=75:0
[   16816ms] [ERROR] Failed to load resource: the server responded with a status of 500 (Internal Server Error) @ http://localhost:3002/_next/image?url=https%3A%2F%2Fvia.placeholder.com%2F1200x750.png&w=2048&q=75:0
[   16907ms] [ERROR] Failed to load resource: the server responded with a status of 500 (Internal Server Error) @ http://localhost:3002/_next/image?url=https%3A%2F%2Fvia.placeholder.com%2F1200x750.png&w=2048&q=75:0
[   16978ms] [ERROR] Failed to load resource: the server responded with a status of 500 (Internal Server Error) @ http://localhost:3002/_next/image?url=https%3A%2F%2Fvia.placeholder.com%2F1200x750.png&w=2048&q=75:0
[   17051ms] [ERROR] Failed to load resource: the server responded with a status of 500 (Internal Server Error) @ http://localhost:3002/_next/image?url=https%3A%2F%2Fvia.placeholder.com%2F1200x750.png&w=2048&q=75:0
[   17123ms] [ERROR] Failed to load resource: the server responded with a status of 500 (Internal Server Error) @ http://localhost:3002/_next/image?url=https%3A%2F%2Fvia.placeholder.com%2F1200x750.png&w=2048&q=75:0
[   17221ms] [ERROR] Failed to load resource: the server responded with a status of 500 (Internal Server Error) @ http://localhost:3002/_next/image?url=https%3A%2F%2Fvia.placeholder.com%2F1200x750.png&w=2048&q=75:0
[   20578ms] [ERROR] Failed to load resource: the server responded with a status of 500 (Internal Server Error) @ http://localhost:3002/_next/image?url=https%3A%2F%2Fvia.placeholder.com%2F1200x750.png&w=2048&q=75:0
[   20833ms] [ERROR] Failed to load resource: the server responded with a status of 500 (Internal Server Error) @ http://localhost:3002/_next/image?url=https%3A%2F%2Fvia.placeholder.com%2F1200x750.png&w=2048&q=75:0
[   20958ms] [ERROR] Failed to load resource: the server responded with a status of 500 (Internal Server Error) @ http://localhost:3002/_next/image?url=https%3A%2F%2Fvia.placeholder.com%2F1200x750.png&w=2048&q=75:0
[   21372ms] [ERROR] Failed to load resource: the server responded with a status of 500 (Internal Server Error) @ http://localhost:3002/_next/image?url=https%3A%2F%2Fvia.placeholder.com%2F1200x750.png&w=2048&q=75:0
[   21705ms] [ERROR] Failed to load resource: the server responded with a status of 500 (Internal Server Error) @ http://localhost:3002/_next/image?url=https%3A%2F%2Fvia.placeholder.com%2F1200x750.png&w=2048&q=75:0
[   21778ms] [ERROR] Failed to load resource: the server responded with a status of 500 (Internal Server Error) @ http://localhost:3002/_next/image?url=https%3A%2F%2Fvia.placeholder.com%2F1200x750.png&w=2048&q=75:0
[   21852ms] [ERROR] Failed to load resource: the server responded with a status of 500 (Internal Server Error) @ http://localhost:3002/_next/image?url=https%3A%2F%2Fvia.placeholder.com%2F1200x750.png&w=2048&q=75:0
[   21926ms] [ERROR] Failed to load resource: the server responded with a status of 500 (Internal Server Error) @ http://localhost:3002/_next/image?url=https%3A%2F%2Fvia.placeholder.com%2F1200x750.png&w=2048&q=75:0
[   22046ms] [ERROR] Failed to load resource: the server responded with a status of 500 (Internal Server Error) @ http://localhost:3002/_next/image?url=https%3A%2F%2Fvia.placeholder.com%2F1200x750.png&w=2048&q=75:0
[   22133ms] [ERROR] Failed to load resource: the server responded with a status of 500 (Internal Server Error) @ http://localhost:3002/_next/image?url=https%3A%2F%2Fvia.placeholder.com%2F1200x750.png&w=2048&q=75:0
[   22230ms] [ERROR] Failed to load resource: the server responded with a status of 500 (Internal Server Error) @ http://localhost:3002/_next/image?url=https%3A%2F%2Fvia.placeholder.com%2F1200x750.png&w=2048&q=75:0
[   22302ms] [ERROR] Failed to load resource: the server responded with a status of 500 (Internal Server Error) @ http://localhost:3002/_next/image?url=https%3A%2F%2Fvia.placeholder.com%2F1200x750.png&w=2048&q=75:0
[   22383ms] [ERROR] Failed to load resource: the server responded with a status of 500 (Internal Server Error) @ http://localhost:3002/_next/image?url=https%3A%2F%2Fvia.placeholder.com%2F1200x750.png&w=2048&q=75:0
[   22461ms] [ERROR] Failed to load resource: the server responded with a status of 500 (Internal Server Error) @ http://localhost:3002/_next/image?url=https%3A%2F%2Fvia.placeholder.com%2F1200x750.png&w=2048&q=75:0
[   22553ms] [ERROR] Failed to load resource: the server responded with a status of 500 (Internal Server Error) @ http://localhost:3002/_next/image?url=https%3A%2F%2Fvia.placeholder.com%2F1200x750.png&w=2048&q=75:0
[   22879ms] [ERROR] Failed to load resource: the server responded with a status of 500 (Internal Server Error) @ http://localhost:3002/_next/image?url=https%3A%2F%2Fvia.placeholder.com%2F1200x750.png&w=2048&q=75:0
[   23217ms] [ERROR] Failed to load resource: the server responded with a status of 500 (Internal Server Error) @ http://localhost:3002/_next/image?url=https%3A%2F%2Fvia.placeholder.com%2F1200x750.png&w=2048&q=75:0
[   23287ms] [ERROR] Failed to load resource: the server responded with a status of 500 (Internal Server Error) @ http://localhost:3002/_next/image?url=https%3A%2F%2Fvia.placeholder.com%2F1200x750.png&w=2048&q=75:0
[   23362ms] [ERROR] Failed to load resource: the server responded with a status of 500 (Internal Server Error) @ http://localhost:3002/_next/image?url=https%3A%2F%2Fvia.placeholder.com%2F1200x750.png&w=2048&q=75:0
[   23440ms] [ERROR] Failed to load resource: the server responded with a status of 500 (Internal Server Error) @ http://localhost:3002/_next/image?url=https%3A%2F%2Fvia.placeholder.com%2F1200x750.png&w=2048&q=75:0
[   23515ms] [ERROR] Failed to load resource: the server responded with a status of 500 (Internal Server Error) @ http://localhost:3002/_next/image?url=https%3A%2F%2Fvia.placeholder.com%2F1200x750.png&w=2048&q=75:0
[   23614ms] [ERROR] Failed to load resource: the server responded with a status of 500 (Internal Server Error) @ http://localhost:3002/_next/image?url=https%3A%2F%2Fvia.placeholder.com%2F1200x750.png&w=2048&q=75:0
[   23700ms] [ERROR] Failed to load resource: the server responded with a status of 500 (Internal Server Error) @ http://localhost:3002/_next/image?url=https%3A%2F%2Fvia.placeholder.com%2F1200x750.png&w=2048&q=75:0
[   23775ms] [ERROR] Failed to load resource: the server responded with a status of 500 (Internal Server Error) @ http://localhost:3002/_next/image?url=https%3A%2F%2Fvia.placeholder.com%2F1200x750.png&w=2048&q=75:0
[   23846ms] [ERROR] Failed to load resource: the server responded with a status of 500 (Internal Server Error) @ http://localhost:3002/_next/image?url=https%3A%2F%2Fvia.placeholder.com%2F1200x750.png&w=2048&q=75:0
[   23920ms] [ERROR] Failed to load resource: the server responded with a status of 500 (Internal Server Error) @ http://localhost:3002/_next/image?url=https%3A%2F%2Fvia.placeholder.com%2F1200x750.png&w=2048&q=75:0
[   23994ms] [ERROR] Failed to load resource: the server responded with a status of 500 (Internal Server Error) @ http://localhost:3002/_next/image?url=https%3A%2F%2Fvia.placeholder.com%2F1200x750.png&w=2048&q=75:0
[   24066ms] [ERROR] Failed to load resource: the server responded with a status of 500 (Internal Server Error) @ http://localhost:3002/_next/image?url=https%3A%2F%2Fvia.placeholder.com%2F1200x750.png&w=2048&q=75:0
[   24165ms] [ERROR] Failed to load resource: the server responded with a status of 500 (Internal Server Error) @ http://localhost:3002/_next/image?url=https%3A%2F%2Fvia.placeholder.com%2F1200x750.png&w=2048&q=75:0
[   24493ms] [ERROR] Failed to load resource: the server responded with a status of 500 (Internal Server Error) @ http://localhost:3002/_next/image?url=https%3A%2F%2Fvia.placeholder.com%2F1200x750.png&w=2048&q=75:0
[   24818ms] [ERROR] Failed to load resource: the server responded with a status of 500 (Internal Server Error) @ http://localhost:3002/_next/image?url=https%3A%2F%2Fvia.placeholder.com%2F1200x750.png&w=2048&q=75:0
[   24888ms] [ERROR] Failed to load resource: the server responded with a status of 500 (Internal Server Error) @ http://localhost:3002/_next/image?url=https%3A%2F%2Fvia.placeholder.com%2F1200x750.png&w=2048&q=75:0
[   24958ms] [ERROR] Failed to load resource: the server responded with a status of 500 (Internal Server Error) @ http://localhost:3002/_next/image?url=https%3A%2F%2Fvia.placeholder.com%2F1200x750.png&w=2048&q=75:0
[   25288ms] [ERROR] Failed to load resource: the server responded with a status of 500 (Internal Server Error) @ http://localhost:3002/_next/image?url=https%3A%2F%2Fvia.placeholder.com%2F1200x750.png&w=2048&q=75:0
[   25359ms] [ERROR] Failed to load resource: the server responded with a status of 500 (Internal Server Error) @ http://localhost:3002/_next/image?url=https%3A%2F%2Fvia.placeholder.com%2F1200x750.png&w=2048&q=75:0
[   25426ms] [ERROR] Failed to load resource: the server responded with a status of 500 (Internal Server Error) @ http://localhost:3002/_next/image?url=https%3A%2F%2Fvia.placeholder.com%2F1200x750.png&w=2048&q=75:0
[   25505ms] [ERROR] Failed to load resource: the server responded with a status of 500 (Internal Server Error) @ http://localhost:3002/_next/image?url=https%3A%2F%2Fvia.placeholder.com%2F1200x750.png&w=2048&q=75:0
[   25582ms] [ERROR] Failed to load resource: the server responded with a status of 500 (Internal Server Error) @ http://localhost:3002/_next/image?url=https%3A%2F%2Fvia.placeholder.com%2F1200x750.png&w=2048&q=75:0
[   25659ms] [ERROR] Failed to load resource: the server responded with a status of 500 (Internal Server Error) @ http://localhost:3002/_next/image?url=https%3A%2F%2Fvia.placeholder.com%2F1200x750.png&w=2048&q=75:0
[   25786ms] [ERROR] Failed to load resource: the server responded with a status of 500 (Internal Server Error) @ http://localhost:3002/_next/image?url=https%3A%2F%2Fvia.placeholder.com%2F1200x750.png&w=2048&q=75:0
[   26121ms] [ERROR] Failed to load resource: the server responded with a status of 500 (Internal Server Error) @ http://localhost:3002/_next/image?url=https%3A%2F%2Fvia.placeholder.com%2F1200x750.png&w=2048&q=75:0
[   26211ms] [ERROR] Failed to load resource: the server responded with a status of 500 (Internal Server Error) @ http://localhost:3002/_next/image?url=https%3A%2F%2Fvia.placeholder.com%2F1200x750.png&w=2048&q=75:0
[   26300ms] [ERROR] Failed to load resource: the server responded with a status of 500 (Internal Server Error) @ http://localhost:3002/_next/image?url=https%3A%2F%2Fvia.placeholder.com%2F1200x750.png&w=2048&q=75:0
[   26391ms] [ERROR] Failed to load resource: the server responded with a status of 500 (Internal Server Error) @ http://localhost:3002/_next/image?url=https%3A%2F%2Fvia.placeholder.com%2F1200x750.png&w=2048&q=75:0
[   26717ms] [ERROR] Failed to load resource: the server responded with a status of 500 (Internal Server Error) @ http://localhost:3002/_next/image?url=https%3A%2F%2Fvia.placeholder.com%2F1200x750.png&w=2048&q=75:0
[   26800ms] [ERROR] Failed to load resource: the server responded with a status of 500 (Internal Server Error) @ http://localhost:3002/_next/image?url=https%3A%2F%2Fvia.placeholder.com%2F1200x750.png&w=2048&q=75:0
[   26884ms] [ERROR] Failed to load resource: the server responded with a status of 500 (Internal Server Error) @ http://localhost:3002/_next/image?url=https%3A%2F%2Fvia.placeholder.com%2F1200x750.png&w=2048&q=75:0
[   26963ms] [ERROR] Failed to load resource: the server responded with a status of 500 (Internal Server Error) @ http://localhost:3002/_next/image?url=https%3A%2F%2Fvia.placeholder.com%2F1200x750.png&w=2048&q=75:0
[   27051ms] [ERROR] Failed to load resource: the server responded with a status of 500 (Internal Server Error) @ http://localhost:3002/_next/image?url=https%3A%2F%2Fvia.placeholder.com%2F1200x750.png&w=2048&q=75:0
[   27120ms] [ERROR] Failed to load resource: the server responded with a status of 500 (Internal Server Error) @ http://localhost:3002/_next/image?url=https%3A%2F%2Fvia.placeholder.com%2F1200x750.png&w=2048&q=75:0
[   27194ms] [ERROR] Failed to load resource: the server responded with a status of 500 (Internal Server Error) @ http://localhost:3002/_next/image?url=https%3A%2F%2Fvia.placeholder.com%2F1200x750.png&w=2048&q=75:0
[   27519ms] [ERROR] Failed to load resource: the server responded with a status of 500 (Internal Server Error) @ http://localhost:3002/_next/image?url=https%3A%2F%2Fvia.placeholder.com%2F1200x750.png&w=2048&q=75:0
[   27593ms] [ERROR] Failed to load resource: the server responded with a status of 500 (Internal Server Error) @ http://localhost:3002/_next/image?url=https%3A%2F%2Fvia.placeholder.com%2F1200x750.png&w=2048&q=75:0
[   27666ms] [ERROR] Failed to load resource: the server responded with a status of 500 (Internal Server Error) @ http://localhost:3002/_next/image?url=https%3A%2F%2Fvia.placeholder.com%2F1200x750.png&w=2048&q=75:0
[   27745ms] [ERROR] Failed to load resource: the server responded with a status of 500 (Internal Server Error) @ http://localhost:3002/_next/image?url=https%3A%2F%2Fvia.placeholder.com%2F1200x750.png&w=2048&q=75:0
[   27843ms] [ERROR] Failed to load resource: the server responded with a status of 500 (Internal Server Error) @ http://localhost:3002/_next/image?url=https%3A%2F%2Fvia.placeholder.com%2F1200x750.png&w=2048&q=75:0
[   27928ms] [ERROR] Failed to load resource: the server responded with a status of 500 (Internal Server Error) @ http://localhost:3002/_next/image?url=https%3A%2F%2Fvia.placeholder.com%2F1200x750.png&w=2048&q=75:0
[   28002ms] [ERROR] Failed to load resource: the server responded with a status of 500 (Internal Server Error) @ http://localhost:3002/_next/image?url=https%3A%2F%2Fvia.placeholder.com%2F1200x750.png&w=2048&q=75:0
[   31370ms] [ERROR] Failed to load resource: the server responded with a status of 500 (Internal Server Error) @ http://localhost:3002/_next/image?url=https%3A%2F%2Fvia.placeholder.com%2F1200x750.png&w=2048&q=75:0
[   31723ms] [ERROR] Failed to load resource: the server responded with a status of 500 (Internal Server Error) @ http://localhost:3002/_next/image?url=https%3A%2F%2Fvia.placeholder.com%2F1200x750.png&w=2048&q=75:0
[   32063ms] [ERROR] Failed to load resource: the server responded with a status of 500 (Internal Server Error) @ http://localhost:3002/_next/image?url=https%3A%2F%2Fvia.placeholder.com%2F1200x750.png&w=2048&q=75:0
[   32164ms] [ERROR] Failed to load resource: the server responded with a status of 500 (Internal Server Error) @ http://localhost:3002/_next/image?url=https%3A%2F%2Fvia.placeholder.com%2F1200x750.png&w=2048&q=75:0
[   32239ms] [ERROR] Failed to load resource: the server responded with a status of 500 (Internal Server Error) @ http://localhost:3002/_next/image?url=https%3A%2F%2Fvia.placeholder.com%2F1200x750.png&w=2048&q=75:0
[   32579ms] [ERROR] Failed to load resource: the server responded with a status of 500 (Internal Server Error) @ http://localhost:3002/_next/image?url=https%3A%2F%2Fvia.placeholder.com%2F1200x750.png&w=2048&q=75:0
[   32722ms] [ERROR] Failed to load resource: the server responded with a status of 500 (Internal Server Error) @ http://localhost:3002/_next/image?url=https%3A%2F%2Fvia.placeholder.com%2F1200x750.png&w=2048&q=75:0
[   32808ms] [ERROR] Failed to load resource: the server responded with a status of 500 (Internal Server Error) @ http://localhost:3002/_next/image?url=https%3A%2F%2Fvia.placeholder.com%2F1200x750.png&w=2048&q=75:0
[   32884ms] [ERROR] Failed to load resource: the server responded with a status of 500 (Internal Server Error) @ http://localhost:3002/_next/image?url=https%3A%2F%2Fvia.placeholder.com%2F1200x750.png&w=2048&q=75:0
[   32960ms] [ERROR] Failed to load resource: the server responded with a status of 500 (Internal Server Error) @ http://localhost:3002/_next/image?url=https%3A%2F%2Fvia.placeholder.com%2F1200x750.png&w=2048&q=75:0
[   35304ms] [ERROR] Failed to load resource: the server responded with a status of 500 (Internal Server Error) @ http://localhost:3002/_next/image?url=https%3A%2F%2Fvia.placeholder.com%2F1200x750.png&w=2048&q=75:0
[   35389ms] [ERROR] Failed to load resource: the server responded with a status of 500 (Internal Server Error) @ http://localhost:3002/_next/image?url=https%3A%2F%2Fvia.placeholder.com%2F1200x750.png&w=2048&q=75:0
[   35733ms] [ERROR] Failed to load resource: the server responded with a status of 500 (Internal Server Error) @ http://localhost:3002/_next/image?url=https%3A%2F%2Fvia.placeholder.com%2F1200x750.png&w=2048&q=75:0
[   35817ms] [ERROR] Failed to load resource: the server responded with a status of 500 (Internal Server Error) @ http://localhost:3002/_next/image?url=https%3A%2F%2Fvia.placeholder.com%2F1200x750.png&w=2048&q=75:0
[   36150ms] [ERROR] Failed to load resource: the server responded with a status of 500 (Internal Server Error) @ http://localhost:3002/_next/image?url=https%3A%2F%2Fvia.placeholder.com%2F1200x750.png&w=2048&q=75:0
